// Jest Snapshot v1, https://goo.gl/fbAQLP

exports[`UserTitle should match snapshot 1`] = `
<DocumentFragment>
  <div
    class="sc-bgqQcB jMWrcl"
  >
    <img
      class="sc-gTRrQi iFVbbH"
      src="https://avatars.githubusercontent.com/u/127468175?v=4"
    />
    <p>
      dubizzle
    </p>
  </div>
</DocumentFragment>
`;
