// Jest Snapshot v1, https://goo.gl/fbAQLP

exports[`Date should match snapshot 1`] = `
<DocumentFragment>
  <div
    class="sc-bgqQcB fppZgW"
  >
    <p>
      Created At:
    </p>
    <p>
      24/05/2023
    </p>
  </div>
</DocumentFragment>
`;
