// Jest Snapshot v1, https://goo.gl/fbAQLP

exports[`IconText should match snapshot 1`] = `
<DocumentFragment>
  <div
    class="sc-bgqQcB ibDLEU"
  >
    <span
      class="octicon octicon-code"
    />
    <p>
      Code
    </p>
  </div>
</DocumentFragment>
`;
